Change Dir: 'D:/C++/cpp3D/vcpkg_installed/x64-windows/vcpkg/blds/glm/x64-windows-rel'

Run Build Command(s): D:/VSC/produit/Common7/IDE/CommonExtensions/Microsoft/CMake/Ninja/ninja.exe -v -v -j9 install
[1/3] D:\VSC\produit\VC\Tools\MSVC\14.44.35207\bin\Hostx64\x64\cl.exe   /TP  -ID:\C++\cpp3D\vcpkg_installed\x64-windows\vcpkg\blds\glm\src\1.0.1-cf6930f99d.clean /nologo /DWIN32 /D_WINDOWS /utf-8 /GR /EHsc /MP  /MD /O2 /Oi /Gy /DNDEBUG /Z7  /Za /fp:precise /showIncludes /Foglm\CMakeFiles\glm.dir\detail\glm.cpp.obj /Fdglm\CMakeFiles\glm.dir\glm.pdb /FS -c D:\C++\cpp3D\vcpkg_installed\x64-windows\vcpkg\blds\glm\src\1.0.1-cf6930f99d.clean\glm\detail\glm.cpp
[2/3] C:\WINDOWS\system32\cmd.exe /C "cd . && D:\VSC\produit\VC\Tools\MSVC\14.44.35207\bin\Hostx64\x64\lib.exe  /machine:x64 /nologo /out:glm\glm.lib glm\CMakeFiles\glm.dir\detail\glm.cpp.obj && cd ."
[2/3] C:\WINDOWS\system32\cmd.exe /C "cd /D D:\C++\cpp3D\vcpkg_installed\x64-windows\vcpkg\blds\glm\x64-windows-rel && C:\Users\kilia\AppData\Local\vcpkg\downloads\tools\cmake-3.30.1-windows\cmake-3.30.1-windows-i386\bin\cmake.exe -P cmake_install.cmake"
-- Install configuration: "Release"
-- Installing: D:/C++/cpp3D/vcpkg_installed/x64-windows/vcpkg/pkgs/glm_x64-windows/lib/glm.lib
-- Installing: D:/C++/cpp3D/vcpkg_installed/x64-windows/vcpkg/pkgs/glm_x64-windows/include/glm
-- Installing: D:/C++/cpp3D/vcpkg_installed/x64-windows/vcpkg/pkgs/glm_x64-windows/include/glm/common.hpp
-- Installing: D:/C++/cpp3D/vcpkg_installed/x64-windows/vcpkg/pkgs/glm_x64-windows/include/glm/detail
-- Installing: D:/C++/cpp3D/vcpkg_installed/x64-windows/vcpkg/pkgs/glm_x64-windows/include/glm/detail/compute_common.hpp
-- Installing: D:/C++/cpp3D/vcpkg_installed/x64-windows/vcpkg/pkgs/glm_x64-windows/include/glm/detail/compute_vector_decl.hpp
-- Installing: D:/C++/cpp3D/vcpkg_installed/x64-windows/vcpkg/pkgs/glm_x64-windows/include/glm/detail/compute_vector_relational.hpp
-- Installing: D:/C++/cpp3D/vcpkg_installed/x64-windows/vcpkg/pkgs/glm_x64-windows/include/glm/detail/func_common.inl
-- Installing: D:/C++/cpp3D/vcpkg_installed/x64-windows/vcpkg/pkgs/glm_x64-windows/include/glm/detail/func_common_simd.inl
-- Installing: D:/C++/cpp3D/vcpkg_installed/x64-windows/vcpkg/pkgs/glm_x64-windows/include/glm/detail/func_exponential.inl
-- Installing: D:/C++/cpp3D/vcpkg_installed/x64-windows/vcpkg/pkgs/glm_x64-windows/include/glm/detail/func_exponential_simd.inl
-- Installing: D:/C++/cpp3D/vcpkg_installed/x64-windows/vcpkg/pkgs/glm_x64-windows/include/glm/detail/func_geometric.inl
-- Installing: D:/C++/cpp3D/vcpkg_installed/x64-windows/vcpkg/pkgs/glm_x64-windows/include/glm/detail/func_geometric_simd.inl
-- Installing: D:/C++/cpp3D/vcpkg_installed/x64-windows/vcpkg/pkgs/glm_x64-windows/include/glm/detail/func_integer.inl
-- Installing: D:/C++/cpp3D/vcpkg_installed/x64-windows/vcpkg/pkgs/glm_x64-windows/include/glm/detail/func_integer_simd.inl
-- Installing: D:/C++/cpp3D/vcpkg_installed/x64-windows/vcpkg/pkgs/glm_x64-windows/include/glm/detail/func_matrix.inl
-- Installing: D:/C++/cpp3D/vcpkg_installed/x64-windows/vcpkg/pkgs/glm_x64-windows/include/glm/detail/func_matrix_simd.inl
-- Installing: D:/C++/cpp3D/vcpkg_installed/x64-windows/vcpkg/pkgs/glm_x64-windows/include/glm/detail/func_packing.inl
-- Installing: D:/C++/cpp3D/vcpkg_installed/x64-windows/vcpkg/pkgs/glm_x64-windows/include/glm/detail/func_packing_simd.inl
-- Installing: D:/C++/cpp3D/vcpkg_installed/x64-windows/vcpkg/pkgs/glm_x64-windows/include/glm/detail/func_trigonometric.inl
-- Installing: D:/C++/cpp3D/vcpkg_installed/x64-windows/vcpkg/pkgs/glm_x64-windows/include/glm/detail/func_trigonometric_simd.inl
-- Installing: D:/C++/cpp3D/vcpkg_installed/x64-windows/vcpkg/pkgs/glm_x64-windows/include/glm/detail/func_vector_relational.inl
-- Installing: D:/C++/cpp3D/vcpkg_installed/x64-windows/vcpkg/pkgs/glm_x64-windows/include/glm/detail/func_vector_relational_simd.inl
-- Installing: D:/C++/cpp3D/vcpkg_installed/x64-windows/vcpkg/pkgs/glm_x64-windows/include/glm/detail/glm.cpp
-- Installing: D:/C++/cpp3D/vcpkg_installed/x64-windows/vcpkg/pkgs/glm_x64-windows/include/glm/detail/qualifier.hpp
-- Installing: D:/C++/cpp3D/vcpkg_installed/x64-windows/vcpkg/pkgs/glm_x64-windows/include/glm/detail/setup.hpp
-- Installing: D:/C++/cpp3D/vcpkg_installed/x64-windows/vcpkg/pkgs/glm_x64-windows/include/glm/detail/type_float.hpp
-- Installing: D:/C++/cpp3D/vcpkg_installed/x64-windows/vcpkg/pkgs/glm_x64-windows/include/glm/detail/type_half.hpp
-- Installing: D:/C++/cpp3D/vcpkg_installed/x64-windows/vcpkg/pkgs/glm_x64-windows/include/glm/detail/type_half.inl
-- Installing: D:/C++/cpp3D/vcpkg_installed/x64-windows/vcpkg/pkgs/glm_x64-windows/include/glm/detail/type_mat2x2.hpp
-- Installing: D:/C++/cpp3D/vcpkg_installed/x64-windows/vcpkg/pkgs/glm_x64-windows/include/glm/detail/type_mat2x2.inl
-- Installing: D:/C++/cpp3D/vcpkg_installed/x64-windows/vcpkg/pkgs/glm_x64-windows/include/glm/detail/type_mat2x3.hpp
-- Installing: D:/C++/cpp3D/vcpkg_installed/x64-windows/vcpkg/pkgs/glm_x64-windows/include/glm/detail/type_mat2x3.inl
-- Installing: D:/C++/cpp3D/vcpkg_installed/x64-windows/vcpkg/pkgs/glm_x64-windows/include/glm/detail/type_mat2x4.hpp
-- Installing: D:/C++/cpp3D/vcpkg_installed/x64-windows/vcpkg/pkgs/glm_x64-windows/include/glm/detail/type_mat2x4.inl
-- Installing: D:/C++/cpp3D/vcpkg_installed/x64-windows/vcpkg/pkgs/glm_x64-windows/include/glm/detail/type_mat3x2.hpp
-- Installing: D:/C++/cpp3D/vcpkg_installed/x64-windows/vcpkg/pkgs/glm_x64-windows/include/glm/detail/type_mat3x2.inl
-- Installing: D:/C++/cpp3D/vcpkg_installed/x64-windows/vcpkg/pkgs/glm_x64-windows/include/glm/detail/type_mat3x3.hpp
-- Installing: D:/C++/cpp3D/vcpkg_installed/x64-windows/vcpkg/pkgs/glm_x64-windows/include/glm/detail/type_mat3x3.inl
-- Installing: D:/C++/cpp3D/vcpkg_installed/x64-windows/vcpkg/pkgs/glm_x64-windows/include/glm/detail/type_mat3x4.hpp
-- Installing: D:/C++/cpp3D/vcpkg_installed/x64-windows/vcpkg/pkgs/glm_x64-windows/include/glm/detail/type_mat3x4.inl
-- Installing: D:/C++/cpp3D/vcpkg_installed/x64-windows/vcpkg/pkgs/glm_x64-windows/include/glm/detail/type_mat4x2.hpp
-- Installing: D:/C++/cpp3D/vcpkg_installed/x64-windows/vcpkg/pkgs/glm_x64-windows/include/glm/detail/type_mat4x2.inl
-- Installing: D:/C++/cpp3D/vcpkg_installed/x64-windows/vcpkg/pkgs/glm_x64-windows/include/glm/detail/type_mat4x3.hpp
-- Installing: D:/C++/cpp3D/vcpkg_installed/x64-windows/vcpkg/pkgs/glm_x64-windows/include/glm/detail/type_mat4x3.inl
-- Installing: D:/C++/cpp3D/vcpkg_installed/x64-windows/vcpkg/pkgs/glm_x64-windows/include/glm/detail/type_mat4x4.hpp
-- Installing: D:/C++/cpp3D/vcpkg_installed/x64-windows/vcpkg/pkgs/glm_x64-windows/include/glm/detail/type_mat4x4.inl
-- Installing: D:/C++/cpp3D/vcpkg_installed/x64-windows/vcpkg/pkgs/glm_x64-windows/include/glm/detail/type_mat4x4_simd.inl
-- Installing: D:/C++/cpp3D/vcpkg_installed/x64-windows/vcpkg/pkgs/glm_x64-windows/include/glm/detail/type_quat.hpp
-- Installing: D:/C++/cpp3D/vcpkg_installed/x64-windows/vcpkg/pkgs/glm_x64-windows/include/glm/detail/type_quat.inl
-- Installing: D:/C++/cpp3D/vcpkg_installed/x64-windows/vcpkg/pkgs/glm_x64-windows/include/glm/detail/type_quat_simd.inl
-- Installing: D:/C++/cpp3D/vcpkg_installed/x64-windows/vcpkg/pkgs/glm_x64-windows/include/glm/detail/type_vec1.hpp
-- Installing: D:/C++/cpp3D/vcpkg_installed/x64-windows/vcpkg/pkgs/glm_x64-windows/include/glm/detail/type_vec1.inl
-- Installing: D:/C++/cpp3D/vcpkg_installed/x64-windows/vcpkg/pkgs/glm_x64-windows/include/glm/detail/type_vec2.hpp
-- Installing: D:/C++/cpp3D/vcpkg_installed/x64-windows/vcpkg/pkgs/glm_x64-windows/include/glm/detail/type_vec2.inl
-- Installing: D:/C++/cpp3D/vcpkg_installed/x64-windows/vcpkg/pkgs/glm_x64-windows/include/glm/detail/type_vec3.hpp
-- Installing: D:/C++/cpp3D/vcpkg_installed/x64-windows/vcpkg/pkgs/glm_x64-windows/include/glm/detail/type_vec3.inl
-- Installing: D:/C++/cpp3D/vcpkg_installed/x64-windows/vcpkg/pkgs/glm_x64-windows/include/glm/detail/type_vec4.hpp
-- Installing: D:/C++/cpp3D/vcpkg_installed/x64-windows/vcpkg/pkgs/glm_x64-windows/include/glm/detail/type_vec4.inl
-- Installing: D:/C++/cpp3D/vcpkg_installed/x64-windows/vcpkg/pkgs/glm_x64-windows/include/glm/detail/type_vec4_simd.inl
-- Installing: D:/C++/cpp3D/vcpkg_installed/x64-windows/vcpkg/pkgs/glm_x64-windows/include/glm/detail/_features.hpp
-- Installing: D:/C++/cpp3D/vcpkg_installed/x64-windows/vcpkg/pkgs/glm_x64-windows/include/glm/detail/_fixes.hpp
-- Installing: D:/C++/cpp3D/vcpkg_installed/x64-windows/vcpkg/pkgs/glm_x64-windows/include/glm/detail/_noise.hpp
-- Installing: D:/C++/cpp3D/vcpkg_installed/x64-windows/vcpkg/pkgs/glm_x64-windows/include/glm/detail/_swizzle.hpp
-- Installing: D:/C++/cpp3D/vcpkg_installed/x64-windows/vcpkg/pkgs/glm_x64-windows/include/glm/detail/_swizzle_func.hpp
-- Installing: D:/C++/cpp3D/vcpkg_installed/x64-windows/vcpkg/pkgs/glm_x64-windows/include/glm/detail/_vectorize.hpp
-- Installing: D:/C++/cpp3D/vcpkg_installed/x64-windows/vcpkg/pkgs/glm_x64-windows/include/glm/exponential.hpp
-- Installing: D:/C++/cpp3D/vcpkg_installed/x64-windows/vcpkg/pkgs/glm_x64-windows/include/glm/ext
-- Installing: D:/C++/cpp3D/vcpkg_installed/x64-windows/vcpkg/pkgs/glm_x64-windows/include/glm/ext/matrix_clip_space.hpp
-- Installing: D:/C++/cpp3D/vcpkg_installed/x64-windows/vcpkg/pkgs/glm_x64-windows/include/glm/ext/matrix_clip_space.inl
-- Installing: D:/C++/cpp3D/vcpkg_installed/x64-windows/vcpkg/pkgs/glm_x64-windows/include/glm/ext/matrix_common.hpp
-- Installing: D:/C++/cpp3D/vcpkg_installed/x64-windows/vcpkg/pkgs/glm_x64-windows/include/glm/ext/matrix_common.inl
-- Installing: D:/C++/cpp3D/vcpkg_installed/x64-windows/vcpkg/pkgs/glm_x64-windows/include/glm/ext/matrix_double2x2.hpp
-- Installing: D:/C++/cpp3D/vcpkg_installed/x64-windows/vcpkg/pkgs/glm_x64-windows/include/glm/ext/matrix_double2x2_precision.hpp
-- Installing: D:/C++/cpp3D/vcpkg_installed/x64-windows/vcpkg/pkgs/glm_x64-windows/include/glm/ext/matrix_double2x3.hpp
-- Installing: D:/C++/cpp3D/vcpkg_installed/x64-windows/vcpkg/pkgs/glm_x64-windows/include/glm/ext/matrix_double2x3_precision.hpp
-- Installing: D:/C++/cpp3D/vcpkg_installed/x64-windows/vcpkg/pkgs/glm_x64-windows/include/glm/ext/matrix_double2x4.hpp
-- Installing: D:/C++/cpp3D/vcpkg_installed/x64-windows/vcpkg/pkgs/glm_x64-windows/include/glm/ext/matrix_double2x4_precision.hpp
-- Installing: D:/C++/cpp3D/vcpkg_installed/x64-windows/vcpkg/pkgs/glm_x64-windows/include/glm/ext/matrix_double3x2.hpp
-- Installing: D:/C++/cpp3D/vcpkg_installed/x64-windows/vcpkg/pkgs/glm_x64-windows/include/glm/ext/matrix_double3x2_precision.hpp
-- Installing: D:/C++/cpp3D/vcpkg_installed/x64-windows/vcpkg/pkgs/glm_x64-windows/include/glm/ext/matrix_double3x3.hpp
-- Installing: D:/C++/cpp3D/vcpkg_installed/x64-windows/vcpkg/pkgs/glm_x64-windows/include/glm/ext/matrix_double3x3_precision.hpp
-- Installing: D:/C++/cpp3D/vcpkg_installed/x64-windows/vcpkg/pkgs/glm_x64-windows/include/glm/ext/matrix_double3x4.hpp
-- Installing: D:/C++/cpp3D/vcpkg_installed/x64-windows/vcpkg/pkgs/glm_x64-windows/include/glm/ext/matrix_double3x4_precision.hpp
-- Installing: D:/C++/cpp3D/vcpkg_installed/x64-windows/vcpkg/pkgs/glm_x64-windows/include/glm/ext/matrix_double4x2.hpp
-- Installing: D:/C++/cpp3D/vcpkg_installed/x64-windows/vcpkg/pkgs/glm_x64-windows/include/glm/ext/matrix_double4x2_precision.hpp
-- Installing: D:/C++/cpp3D/vcpkg_installed/x64-windows/vcpkg/pkgs/glm_x64-windows/include/glm/ext/matrix_double4x3.hpp
-- Installing: D:/C++/cpp3D/vcpkg_installed/x64-windows/vcpkg/pkgs/glm_x64-windows/include/glm/ext/matrix_double4x3_precision.hpp
-- Installing: D:/C++/cpp3D/vcpkg_installed/x64-windows/vcpkg/pkgs/glm_x64-windows/include/glm/ext/matrix_double4x4.hpp
-- Installing: D:/C++/cpp3D/vcpkg_installed/x64-windows/vcpkg/pkgs/glm_x64-windows/include/glm/ext/matrix_double4x4_precision.hpp
-- Installing: D:/C++/cpp3D/vcpkg_installed/x64-windows/vcpkg/pkgs/glm_x64-windows/include/glm/ext/matrix_float2x2.hpp
-- Installing: D:/C++/cpp3D/vcpkg_installed/x64-windows/vcpkg/pkgs/glm_x64-windows/include/glm/ext/matrix_float2x2_precision.hpp
-- Installing: D:/C++/cpp3D/vcpkg_installed/x64-windows/vcpkg/pkgs/glm_x64-windows/include/glm/ext/matrix_float2x3.hpp
-- Installing: D:/C++/cpp3D/vcpkg_installed/x64-windows/vcpkg/pkgs/glm_x64-windows/include/glm/ext/matrix_float2x3_precision.hpp
-- Installing: D:/C++/cpp3D/vcpkg_installed/x64-windows/vcpkg/pkgs/glm_x64-windows/include/glm/ext/matrix_float2x4.hpp
-- Installing: D:/C++/cpp3D/vcpkg_installed/x64-windows/vcpkg/pkgs/glm_x64-windows/include/glm/ext/matrix_float2x4_precision.hpp
-- Installing: D:/C++/cpp3D/vcpkg_installed/x64-windows/vcpkg/pkgs/glm_x64-windows/include/glm/ext/matrix_float3x2.hpp
-- Installing: D:/C++/cpp3D/vcpkg_installed/x64-windows/vcpkg/pkgs/glm_x64-windows/include/glm/ext/matrix_float3x2_precision.hpp
-- Installing: D:/C++/cpp3D/vcpkg_installed/x64-windows/vcpkg/pkgs/glm_x64-windows/include/glm/ext/matrix_float3x3.hpp
-- Installing: D:/C++/cpp3D/vcpkg_installed/x64-windows/vcpkg/pkgs/glm_x64-windows/include/glm/ext/matrix_float3x3_precision.hpp
-- Installing: D:/C++/cpp3D/vcpkg_installed/x64-windows/vcpkg/pkgs/glm_x64-windows/include/glm/ext/matrix_float3x4.hpp
-- Installing: D:/C++/cpp3D/vcpkg_installed/x64-windows/vcpkg/pkgs/glm_x64-windows/include/glm/ext/matrix_float3x4_precision.hpp
-- Installing: D:/C++/cpp3D/vcpkg_installed/x64-windows/vcpkg/pkgs/glm_x64-windows/include/glm/ext/matrix_float4x2.hpp
-- Installing: D:/C++/cpp3D/vcpkg_installed/x64-windows/vcpkg/pkgs/glm_x64-windows/include/glm/ext/matrix_float4x2_precision.hpp
-- Installing: D:/C++/cpp3D/vcpkg_installed/x64-windows/vcpkg/pkgs/glm_x64-windows/include/glm/ext/matrix_float4x3.hpp
-- Installing: D:/C++/cpp3D/vcpkg_installed/x64-windows/vcpkg/pkgs/glm_x64-windows/include/glm/ext/matrix_float4x3_precision.hpp
-- Installing: D:/C++/cpp3D/vcpkg_installed/x64-windows/vcpkg/pkgs/glm_x64-windows/include/glm/ext/matrix_float4x4.hpp
-- Installing: D:/C++/cpp3D/vcpkg_installed/x64-windows/vcpkg/pkgs/glm_x64-windows/include/glm/ext/matrix_float4x4_precision.hpp
-- Installing: D:/C++/cpp3D/vcpkg_installed/x64-windows/vcpkg/pkgs/glm_x64-windows/include/glm/ext/matrix_int2x2.hpp
-- Installing: D:/C++/cpp3D/vcpkg_installed/x64-windows/vcpkg/pkgs/glm_x64-windows/include/glm/ext/matrix_int2x2_sized.hpp
-- Installing: D:/C++/cpp3D/vcpkg_installed/x64-windows/vcpkg/pkgs/glm_x64-windows/include/glm/ext/matrix_int2x3.hpp
-- Installing: D:/C++/cpp3D/vcpkg_installed/x64-windows/vcpkg/pkgs/glm_x64-windows/include/glm/ext/matrix_int2x3_sized.hpp
-- Installing: D:/C++/cpp3D/vcpkg_installed/x64-windows/vcpkg/pkgs/glm_x64-windows/include/glm/ext/matrix_int2x4.hpp
-- Installing: D:/C++/cpp3D/vcpkg_installed/x64-windows/vcpkg/pkgs/glm_x64-windows/include/glm/ext/matrix_int2x4_sized.hpp
-- Installing: D:/C++/cpp3D/vcpkg_installed/x64-windows/vcpkg/pkgs/glm_x64-windows/include/glm/ext/matrix_int3x2.hpp
-- Installing: D:/C++/cpp3D/vcpkg_installed/x64-windows/vcpkg/pkgs/glm_x64-windows/include/glm/ext/matrix_int3x2_sized.hpp
-- Installing: D:/C++/cpp3D/vcpkg_installed/x64-windows/vcpkg/pkgs/glm_x64-windows/include/glm/ext/matrix_int3x3.hpp
-- Installing: D:/C++/cpp3D/vcpkg_installed/x64-windows/vcpkg/pkgs/glm_x64-windows/include/glm/ext/matrix_int3x3_sized.hpp
-- Installing: D:/C++/cpp3D/vcpkg_installed/x64-windows/vcpkg/pkgs/glm_x64-windows/include/glm/ext/matrix_int3x4.hpp
-- Installing: D:/C++/cpp3D/vcpkg_installed/x64-windows/vcpkg/pkgs/glm_x64-windows/include/glm/ext/matrix_int3x4_sized.hpp
-- Installing: D:/C++/cpp3D/vcpkg_installed/x64-windows/vcpkg/pkgs/glm_x64-windows/include/glm/ext/matrix_int4x2.hpp
-- Installing: D:/C++/cpp3D/vcpkg_installed/x64-windows/vcpkg/pkgs/glm_x64-windows/include/glm/ext/matrix_int4x2_sized.hpp
-- Installing: D:/C++/cpp3D/vcpkg_installed/x64-windows/vcpkg/pkgs/glm_x64-windows/include/glm/ext/matrix_int4x3.hpp
-- Installing: D:/C++/cpp3D/vcpkg_installed/x64-windows/vcpkg/pkgs/glm_x64-windows/include/glm/ext/matrix_int4x3_sized.hpp
-- Installing: D:/C++/cpp3D/vcpkg_installed/x64-windows/vcpkg/pkgs/glm_x64-windows/include/glm/ext/matrix_int4x4.hpp
-- Installing: D:/C++/cpp3D/vcpkg_installed/x64-windows/vcpkg/pkgs/glm_x64-windows/include/glm/ext/matrix_int4x4_sized.hpp
-- Installing: D:/C++/cpp3D/vcpkg_installed/x64-windows/vcpkg/pkgs/glm_x64-windows/include/glm/ext/matrix_integer.hpp
-- Installing: D:/C++/cpp3D/vcpkg_installed/x64-windows/vcpkg/pkgs/glm_x64-windows/include/glm/ext/matrix_integer.inl
-- Installing: D:/C++/cpp3D/vcpkg_installed/x64-windows/vcpkg/pkgs/glm_x64-windows/include/glm/ext/matrix_projection.hpp
-- Installing: D:/C++/cpp3D/vcpkg_installed/x64-windows/vcpkg/pkgs/glm_x64-windows/include/glm/ext/matrix_projection.inl
-- Installing: D:/C++/cpp3D/vcpkg_installed/x64-windows/vcpkg/pkgs/glm_x64-windows/include/glm/ext/matrix_relational.hpp
-- Installing: D:/C++/cpp3D/vcpkg_installed/x64-windows/vcpkg/pkgs/glm_x64-windows/include/glm/ext/matrix_relational.inl
-- Installing: D:/C++/cpp3D/vcpkg_installed/x64-windows/vcpkg/pkgs/glm_x64-windows/include/glm/ext/matrix_transform.hpp
-- Installing: D:/C++/cpp3D/vcpkg_installed/x64-windows/vcpkg/pkgs/glm_x64-windows/include/glm/ext/matrix_transform.inl
-- Installing: D:/C++/cpp3D/vcpkg_installed/x64-windows/vcpkg/pkgs/glm_x64-windows/include/glm/ext/matrix_uint2x2.hpp
-- Installing: D:/C++/cpp3D/vcpkg_installed/x64-windows/vcpkg/pkgs/glm_x64-windows/include/glm/ext/matrix_uint2x2_sized.hpp
-- Installing: D:/C++/cpp3D/vcpkg_installed/x64-windows/vcpkg/pkgs/glm_x64-windows/include/glm/ext/matrix_uint2x3.hpp
-- Installing: D:/C++/cpp3D/vcpkg_installed/x64-windows/vcpkg/pkgs/glm_x64-windows/include/glm/ext/matrix_uint2x3_sized.hpp
-- Installing: D:/C++/cpp3D/vcpkg_installed/x64-windows/vcpkg/pkgs/glm_x64-windows/include/glm/ext/matrix_uint2x4.hpp
-- Installing: D:/C++/cpp3D/vcpkg_installed/x64-windows/vcpkg/pkgs/glm_x64-windows/include/glm/ext/matrix_uint2x4_sized.hpp
-- Installing: D:/C++/cpp3D/vcpkg_installed/x64-windows/vcpkg/pkgs/glm_x64-windows/include/glm/ext/matrix_uint3x2.hpp
-- Installing: D:/C++/cpp3D/vcpkg_installed/x64-windows/vcpkg/pkgs/glm_x64-windows/include/glm/ext/matrix_uint3x2_sized.hpp
-- Installing: D:/C++/cpp3D/vcpkg_installed/x64-windows/vcpkg/pkgs/glm_x64-windows/include/glm/ext/matrix_uint3x3.hpp
-- Installing: D:/C++/cpp3D/vcpkg_installed/x64-windows/vcpkg/pkgs/glm_x64-windows/include/glm/ext/matrix_uint3x3_sized.hpp
-- Installing: D:/C++/cpp3D/vcpkg_installed/x64-windows/vcpkg/pkgs/glm_x64-windows/include/glm/ext/matrix_uint3x4.hpp
-- Installing: D:/C++/cpp3D/vcpkg_installed/x64-windows/vcpkg/pkgs/glm_x64-windows/include/glm/ext/matrix_uint3x4_sized.hpp
-- Installing: D:/C++/cpp3D/vcpkg_installed/x64-windows/vcpkg/pkgs/glm_x64-windows/include/glm/ext/matrix_uint4x2.hpp
-- Installing: D:/C++/cpp3D/vcpkg_installed/x64-windows/vcpkg/pkgs/glm_x64-windows/include/glm/ext/matrix_uint4x2_sized.hpp
-- Installing: D:/C++/cpp3D/vcpkg_installed/x64-windows/vcpkg/pkgs/glm_x64-windows/include/glm/ext/matrix_uint4x3.hpp
-- Installing: D:/C++/cpp3D/vcpkg_installed/x64-windows/vcpkg/pkgs/glm_x64-windows/include/glm/ext/matrix_uint4x3_sized.hpp
-- Installing: D:/C++/cpp3D/vcpkg_installed/x64-windows/vcpkg/pkgs/glm_x64-windows/include/glm/ext/matrix_uint4x4.hpp
-- Installing: D:/C++/cpp3D/vcpkg_installed/x64-windows/vcpkg/pkgs/glm_x64-windows/include/glm/ext/matrix_uint4x4_sized.hpp
-- Installing: D:/C++/cpp3D/vcpkg_installed/x64-windows/vcpkg/pkgs/glm_x64-windows/include/glm/ext/quaternion_common.hpp
-- Installing: D:/C++/cpp3D/vcpkg_installed/x64-windows/vcpkg/pkgs/glm_x64-windows/include/glm/ext/quaternion_common.inl
-- Installing: D:/C++/cpp3D/vcpkg_installed/x64-windows/vcpkg/pkgs/glm_x64-windows/include/glm/ext/quaternion_common_simd.inl
-- Installing: D:/C++/cpp3D/vcpkg_installed/x64-windows/vcpkg/pkgs/glm_x64-windows/include/glm/ext/quaternion_double.hpp
-- Installing: D:/C++/cpp3D/vcpkg_installed/x64-windows/vcpkg/pkgs/glm_x64-windows/include/glm/ext/quaternion_double_precision.hpp
-- Installing: D:/C++/cpp3D/vcpkg_installed/x64-windows/vcpkg/pkgs/glm_x64-windows/include/glm/ext/quaternion_exponential.hpp
-- Installing: D:/C++/cpp3D/vcpkg_installed/x64-windows/vcpkg/pkgs/glm_x64-windows/include/glm/ext/quaternion_exponential.inl
-- Installing: D:/C++/cpp3D/vcpkg_installed/x64-windows/vcpkg/pkgs/glm_x64-windows/include/glm/ext/quaternion_float.hpp
-- Installing: D:/C++/cpp3D/vcpkg_installed/x64-windows/vcpkg/pkgs/glm_x64-windows/include/glm/ext/quaternion_float_precision.hpp
-- Installing: D:/C++/cpp3D/vcpkg_installed/x64-windows/vcpkg/pkgs/glm_x64-windows/include/glm/ext/quaternion_geometric.hpp
-- Installing: D:/C++/cpp3D/vcpkg_installed/x64-windows/vcpkg/pkgs/glm_x64-windows/include/glm/ext/quaternion_geometric.inl
-- Installing: D:/C++/cpp3D/vcpkg_installed/x64-windows/vcpkg/pkgs/glm_x64-windows/include/glm/ext/quaternion_relational.hpp
-- Installing: D:/C++/cpp3D/vcpkg_installed/x64-windows/vcpkg/pkgs/glm_x64-windows/include/glm/ext/quaternion_relational.inl
-- Installing: D:/C++/cpp3D/vcpkg_installed/x64-windows/vcpkg/pkgs/glm_x64-windows/include/glm/ext/quaternion_transform.hpp
-- Installing: D:/C++/cpp3D/vcpkg_installed/x64-windows/vcpkg/pkgs/glm_x64-windows/include/glm/ext/quaternion_transform.inl
-- Installing: D:/C++/cpp3D/vcpkg_installed/x64-windows/vcpkg/pkgs/glm_x64-windows/include/glm/ext/quaternion_trigonometric.hpp
-- Installing: D:/C++/cpp3D/vcpkg_installed/x64-windows/vcpkg/pkgs/glm_x64-windows/include/glm/ext/quaternion_trigonometric.inl
-- Installing: D:/C++/cpp3D/vcpkg_installed/x64-windows/vcpkg/pkgs/glm_x64-windows/include/glm/ext/scalar_common.hpp
-- Installing: D:/C++/cpp3D/vcpkg_installed/x64-windows/vcpkg/pkgs/glm_x64-windows/include/glm/ext/scalar_common.inl
-- Installing: D:/C++/cpp3D/vcpkg_installed/x64-windows/vcpkg/pkgs/glm_x64-windows/include/glm/ext/scalar_constants.hpp
-- Installing: D:/C++/cpp3D/vcpkg_installed/x64-windows/vcpkg/pkgs/glm_x64-windows/include/glm/ext/scalar_constants.inl
-- Installing: D:/C++/cpp3D/vcpkg_installed/x64-windows/vcpkg/pkgs/glm_x64-windows/include/glm/ext/scalar_integer.hpp
-- Installing: D:/C++/cpp3D/vcpkg_installed/x64-windows/vcpkg/pkgs/glm_x64-windows/include/glm/ext/scalar_integer.inl
-- Installing: D:/C++/cpp3D/vcpkg_installed/x64-windows/vcpkg/pkgs/glm_x64-windows/include/glm/ext/scalar_int_sized.hpp
-- Installing: D:/C++/cpp3D/vcpkg_installed/x64-windows/vcpkg/pkgs/glm_x64-windows/include/glm/ext/scalar_packing.hpp
-- Installing: D:/C++/cpp3D/vcpkg_installed/x64-windows/vcpkg/pkgs/glm_x64-windows/include/glm/ext/scalar_packing.inl
-- Installing: D:/C++/cpp3D/vcpkg_installed/x64-windows/vcpkg/pkgs/glm_x64-windows/include/glm/ext/scalar_reciprocal.hpp
-- Installing: D:/C++/cpp3D/vcpkg_installed/x64-windows/vcpkg/pkgs/glm_x64-windows/include/glm/ext/scalar_reciprocal.inl
-- Installing: D:/C++/cpp3D/vcpkg_installed/x64-windows/vcpkg/pkgs/glm_x64-windows/include/glm/ext/scalar_relational.hpp
-- Installing: D:/C++/cpp3D/vcpkg_installed/x64-windows/vcpkg/pkgs/glm_x64-windows/include/glm/ext/scalar_relational.inl
-- Installing: D:/C++/cpp3D/vcpkg_installed/x64-windows/vcpkg/pkgs/glm_x64-windows/include/glm/ext/scalar_uint_sized.hpp
-- Installing: D:/C++/cpp3D/vcpkg_installed/x64-windows/vcpkg/pkgs/glm_x64-windows/include/glm/ext/scalar_ulp.hpp
-- Installing: D:/C++/cpp3D/vcpkg_installed/x64-windows/vcpkg/pkgs/glm_x64-windows/include/glm/ext/scalar_ulp.inl
-- Installing: D:/C++/cpp3D/vcpkg_installed/x64-windows/vcpkg/pkgs/glm_x64-windows/include/glm/ext/vector_bool1.hpp
-- Installing: D:/C++/cpp3D/vcpkg_installed/x64-windows/vcpkg/pkgs/glm_x64-windows/include/glm/ext/vector_bool1_precision.hpp
-- Installing: D:/C++/cpp3D/vcpkg_installed/x64-windows/vcpkg/pkgs/glm_x64-windows/include/glm/ext/vector_bool2.hpp
-- Installing: D:/C++/cpp3D/vcpkg_installed/x64-windows/vcpkg/pkgs/glm_x64-windows/include/glm/ext/vector_bool2_precision.hpp
-- Installing: D:/C++/cpp3D/vcpkg_installed/x64-windows/vcpkg/pkgs/glm_x64-windows/include/glm/ext/vector_bool3.hpp
-- Installing: D:/C++/cpp3D/vcpkg_installed/x64-windows/vcpkg/pkgs/glm_x64-windows/include/glm/ext/vector_bool3_precision.hpp
-- Installing: D:/C++/cpp3D/vcpkg_installed/x64-windows/vcpkg/pkgs/glm_x64-windows/include/glm/ext/vector_bool4.hpp
-- Installing: D:/C++/cpp3D/vcpkg_installed/x64-windows/vcpkg/pkgs/glm_x64-windows/include/glm/ext/vector_bool4_precision.hpp
-- Installing: D:/C++/cpp3D/vcpkg_installed/x64-windows/vcpkg/pkgs/glm_x64-windows/include/glm/ext/vector_common.hpp
-- Installing: D:/C++/cpp3D/vcpkg_installed/x64-windows/vcpkg/pkgs/glm_x64-windows/include/glm/ext/vector_common.inl
-- Installing: D:/C++/cpp3D/vcpkg_installed/x64-windows/vcpkg/pkgs/glm_x64-windows/include/glm/ext/vector_double1.hpp
-- Installing: D:/C++/cpp3D/vcpkg_installed/x64-windows/vcpkg/pkgs/glm_x64-windows/include/glm/ext/vector_double1_precision.hpp
-- Installing: D:/C++/cpp3D/vcpkg_installed/x64-windows/vcpkg/pkgs/glm_x64-windows/include/glm/ext/vector_double2.hpp
-- Installing: D:/C++/cpp3D/vcpkg_installed/x64-windows/vcpkg/pkgs/glm_x64-windows/include/glm/ext/vector_double2_precision.hpp
-- Installing: D:/C++/cpp3D/vcpkg_installed/x64-windows/vcpkg/pkgs/glm_x64-windows/include/glm/ext/vector_double3.hpp
-- Installing: D:/C++/cpp3D/vcpkg_installed/x64-windows/vcpkg/pkgs/glm_x64-windows/include/glm/ext/vector_double3_precision.hpp
-- Installing: D:/C++/cpp3D/vcpkg_installed/x64-windows/vcpkg/pkgs/glm_x64-windows/include/glm/ext/vector_double4.hpp
-- Installing: D:/C++/cpp3D/vcpkg_installed/x64-windows/vcpkg/pkgs/glm_x64-windows/include/glm/ext/vector_double4_precision.hpp
-- Installing: D:/C++/cpp3D/vcpkg_installed/x64-windows/vcpkg/pkgs/glm_x64-windows/include/glm/ext/vector_float1.hpp
-- Installing: D:/C++/cpp3D/vcpkg_installed/x64-windows/vcpkg/pkgs/glm_x64-windows/include/glm/ext/vector_float1_precision.hpp
-- Installing: D:/C++/cpp3D/vcpkg_installed/x64-windows/vcpkg/pkgs/glm_x64-windows/include/glm/ext/vector_float2.hpp
-- Installing: D:/C++/cpp3D/vcpkg_installed/x64-windows/vcpkg/pkgs/glm_x64-windows/include/glm/ext/vector_float2_precision.hpp
-- Installing: D:/C++/cpp3D/vcpkg_installed/x64-windows/vcpkg/pkgs/glm_x64-windows/include/glm/ext/vector_float3.hpp
-- Installing: D:/C++/cpp3D/vcpkg_installed/x64-windows/vcpkg/pkgs/glm_x64-windows/include/glm/ext/vector_float3_precision.hpp
-- Installing: D:/C++/cpp3D/vcpkg_installed/x64-windows/vcpkg/pkgs/glm_x64-windows/include/glm/ext/vector_float4.hpp
-- Installing: D:/C++/cpp3D/vcpkg_installed/x64-windows/vcpkg/pkgs/glm_x64-windows/include/glm/ext/vector_float4_precision.hpp
-- Installing: D:/C++/cpp3D/vcpkg_installed/x64-windows/vcpkg/pkgs/glm_x64-windows/include/glm/ext/vector_int1.hpp
-- Installing: D:/C++/cpp3D/vcpkg_installed/x64-windows/vcpkg/pkgs/glm_x64-windows/include/glm/ext/vector_int1_sized.hpp
-- Installing: D:/C++/cpp3D/vcpkg_installed/x64-windows/vcpkg/pkgs/glm_x64-windows/include/glm/ext/vector_int2.hpp
-- Installing: D:/C++/cpp3D/vcpkg_installed/x64-windows/vcpkg/pkgs/glm_x64-windows/include/glm/ext/vector_int2_sized.hpp
-- Installing: D:/C++/cpp3D/vcpkg_installed/x64-windows/vcpkg/pkgs/glm_x64-windows/include/glm/ext/vector_int3.hpp
-- Installing: D:/C++/cpp3D/vcpkg_installed/x64-windows/vcpkg/pkgs/glm_x64-windows/include/glm/ext/vector_int3_sized.hpp
-- Installing: D:/C++/cpp3D/vcpkg_installed/x64-windows/vcpkg/pkgs/glm_x64-windows/include/glm/ext/vector_int4.hpp
-- Installing: D:/C++/cpp3D/vcpkg_installed/x64-windows/vcpkg/pkgs/glm_x64-windows/include/glm/ext/vector_int4_sized.hpp
-- Installing: D:/C++/cpp3D/vcpkg_installed/x64-windows/vcpkg/pkgs/glm_x64-windows/include/glm/ext/vector_integer.hpp
-- Installing: D:/C++/cpp3D/vcpkg_installed/x64-windows/vcpkg/pkgs/glm_x64-windows/include/glm/ext/vector_integer.inl
-- Installing: D:/C++/cpp3D/vcpkg_installed/x64-windows/vcpkg/pkgs/glm_x64-windows/include/glm/ext/vector_packing.hpp
-- Installing: D:/C++/cpp3D/vcpkg_installed/x64-windows/vcpkg/pkgs/glm_x64-windows/include/glm/ext/vector_packing.inl
-- Installing: D:/C++/cpp3D/vcpkg_installed/x64-windows/vcpkg/pkgs/glm_x64-windows/include/glm/ext/vector_reciprocal.hpp
-- Installing: D:/C++/cpp3D/vcpkg_installed/x64-windows/vcpkg/pkgs/glm_x64-windows/include/glm/ext/vector_reciprocal.inl
-- Installing: D:/C++/cpp3D/vcpkg_installed/x64-windows/vcpkg/pkgs/glm_x64-windows/include/glm/ext/vector_relational.hpp
-- Installing: D:/C++/cpp3D/vcpkg_installed/x64-windows/vcpkg/pkgs/glm_x64-windows/include/glm/ext/vector_relational.inl
-- Installing: D:/C++/cpp3D/vcpkg_installed/x64-windows/vcpkg/pkgs/glm_x64-windows/include/glm/ext/vector_uint1.hpp
-- Installing: D:/C++/cpp3D/vcpkg_installed/x64-windows/vcpkg/pkgs/glm_x64-windows/include/glm/ext/vector_uint1_sized.hpp
-- Installing: D:/C++/cpp3D/vcpkg_installed/x64-windows/vcpkg/pkgs/glm_x64-windows/include/glm/ext/vector_uint2.hpp
-- Installing: D:/C++/cpp3D/vcpkg_installed/x64-windows/vcpkg/pkgs/glm_x64-windows/include/glm/ext/vector_uint2_sized.hpp
-- Installing: D:/C++/cpp3D/vcpkg_installed/x64-windows/vcpkg/pkgs/glm_x64-windows/include/glm/ext/vector_uint3.hpp
-- Installing: D:/C++/cpp3D/vcpkg_installed/x64-windows/vcpkg/pkgs/glm_x64-windows/include/glm/ext/vector_uint3_sized.hpp
-- Installing: D:/C++/cpp3D/vcpkg_installed/x64-windows/vcpkg/pkgs/glm_x64-windows/include/glm/ext/vector_uint4.hpp
-- Installing: D:/C++/cpp3D/vcpkg_installed/x64-windows/vcpkg/pkgs/glm_x64-windows/include/glm/ext/vector_uint4_sized.hpp
-- Installing: D:/C++/cpp3D/vcpkg_installed/x64-windows/vcpkg/pkgs/glm_x64-windows/include/glm/ext/vector_ulp.hpp
-- Installing: D:/C++/cpp3D/vcpkg_installed/x64-windows/vcpkg/pkgs/glm_x64-windows/include/glm/ext/vector_ulp.inl
-- Installing: D:/C++/cpp3D/vcpkg_installed/x64-windows/vcpkg/pkgs/glm_x64-windows/include/glm/ext/_matrix_vectorize.hpp
-- Installing: D:/C++/cpp3D/vcpkg_installed/x64-windows/vcpkg/pkgs/glm_x64-windows/include/glm/ext.hpp
-- Installing: D:/C++/cpp3D/vcpkg_installed/x64-windows/vcpkg/pkgs/glm_x64-windows/include/glm/fwd.hpp
-- Installing: D:/C++/cpp3D/vcpkg_installed/x64-windows/vcpkg/pkgs/glm_x64-windows/include/glm/geometric.hpp
-- Installing: D:/C++/cpp3D/vcpkg_installed/x64-windows/vcpkg/pkgs/glm_x64-windows/include/glm/glm.cppm
-- Installing: D:/C++/cpp3D/vcpkg_installed/x64-windows/vcpkg/pkgs/glm_x64-windows/include/glm/glm.hpp
-- Installing: D:/C++/cpp3D/vcpkg_installed/x64-windows/vcpkg/pkgs/glm_x64-windows/include/glm/gtc
-- Installing: D:/C++/cpp3D/vcpkg_installed/x64-windows/vcpkg/pkgs/glm_x64-windows/include/glm/gtc/bitfield.hpp
-- Installing: D:/C++/cpp3D/vcpkg_installed/x64-windows/vcpkg/pkgs/glm_x64-windows/include/glm/gtc/bitfield.inl
-- Installing: D:/C++/cpp3D/vcpkg_installed/x64-windows/vcpkg/pkgs/glm_x64-windows/include/glm/gtc/color_space.hpp
-- Installing: D:/C++/cpp3D/vcpkg_installed/x64-windows/vcpkg/pkgs/glm_x64-windows/include/glm/gtc/color_space.inl
-- Installing: D:/C++/cpp3D/vcpkg_installed/x64-windows/vcpkg/pkgs/glm_x64-windows/include/glm/gtc/constants.hpp
-- Installing: D:/C++/cpp3D/vcpkg_installed/x64-windows/vcpkg/pkgs/glm_x64-windows/include/glm/gtc/constants.inl
-- Installing: D:/C++/cpp3D/vcpkg_installed/x64-windows/vcpkg/pkgs/glm_x64-windows/include/glm/gtc/epsilon.hpp
-- Installing: D:/C++/cpp3D/vcpkg_installed/x64-windows/vcpkg/pkgs/glm_x64-windows/include/glm/gtc/epsilon.inl
-- Installing: D:/C++/cpp3D/vcpkg_installed/x64-windows/vcpkg/pkgs/glm_x64-windows/include/glm/gtc/integer.hpp
-- Installing: D:/C++/cpp3D/vcpkg_installed/x64-windows/vcpkg/pkgs/glm_x64-windows/include/glm/gtc/integer.inl
-- Installing: D:/C++/cpp3D/vcpkg_installed/x64-windows/vcpkg/pkgs/glm_x64-windows/include/glm/gtc/matrix_access.hpp
-- Installing: D:/C++/cpp3D/vcpkg_installed/x64-windows/vcpkg/pkgs/glm_x64-windows/include/glm/gtc/matrix_access.inl
-- Installing: D:/C++/cpp3D/vcpkg_installed/x64-windows/vcpkg/pkgs/glm_x64-windows/include/glm/gtc/matrix_integer.hpp
-- Installing: D:/C++/cpp3D/vcpkg_installed/x64-windows/vcpkg/pkgs/glm_x64-windows/include/glm/gtc/matrix_inverse.hpp
-- Installing: D:/C++/cpp3D/vcpkg_installed/x64-windows/vcpkg/pkgs/glm_x64-windows/include/glm/gtc/matrix_inverse.inl
-- Installing: D:/C++/cpp3D/vcpkg_installed/x64-windows/vcpkg/pkgs/glm_x64-windows/include/glm/gtc/matrix_transform.hpp
-- Installing: D:/C++/cpp3D/vcpkg_installed/x64-windows/vcpkg/pkgs/glm_x64-windows/include/glm/gtc/matrix_transform.inl
-- Installing: D:/C++/cpp3D/vcpkg_installed/x64-windows/vcpkg/pkgs/glm_x64-windows/include/glm/gtc/noise.hpp
-- Installing: D:/C++/cpp3D/vcpkg_installed/x64-windows/vcpkg/pkgs/glm_x64-windows/include/glm/gtc/noise.inl
-- Installing: D:/C++/cpp3D/vcpkg_installed/x64-windows/vcpkg/pkgs/glm_x64-windows/include/glm/gtc/packing.hpp
-- Installing: D:/C++/cpp3D/vcpkg_installed/x64-windows/vcpkg/pkgs/glm_x64-windows/include/glm/gtc/packing.inl
-- Installing: D:/C++/cpp3D/vcpkg_installed/x64-windows/vcpkg/pkgs/glm_x64-windows/include/glm/gtc/quaternion.hpp
-- Installing: D:/C++/cpp3D/vcpkg_installed/x64-windows/vcpkg/pkgs/glm_x64-windows/include/glm/gtc/quaternion.inl
-- Installing: D:/C++/cpp3D/vcpkg_installed/x64-windows/vcpkg/pkgs/glm_x64-windows/include/glm/gtc/quaternion_simd.inl
-- Installing: D:/C++/cpp3D/vcpkg_installed/x64-windows/vcpkg/pkgs/glm_x64-windows/include/glm/gtc/random.hpp
-- Installing: D:/C++/cpp3D/vcpkg_installed/x64-windows/vcpkg/pkgs/glm_x64-windows/include/glm/gtc/random.inl
-- Installing: D:/C++/cpp3D/vcpkg_installed/x64-windows/vcpkg/pkgs/glm_x64-windows/include/glm/gtc/reciprocal.hpp
-- Installing: D:/C++/cpp3D/vcpkg_installed/x64-windows/vcpkg/pkgs/glm_x64-windows/include/glm/gtc/round.hpp
-- Installing: D:/C++/cpp3D/vcpkg_installed/x64-windows/vcpkg/pkgs/glm_x64-windows/include/glm/gtc/round.inl
-- Installing: D:/C++/cpp3D/vcpkg_installed/x64-windows/vcpkg/pkgs/glm_x64-windows/include/glm/gtc/type_aligned.hpp
-- Installing: D:/C++/cpp3D/vcpkg_installed/x64-windows/vcpkg/pkgs/glm_x64-windows/include/glm/gtc/type_precision.hpp
-- Installing: D:/C++/cpp3D/vcpkg_installed/x64-windows/vcpkg/pkgs/glm_x64-windows/include/glm/gtc/type_precision.inl
-- Installing: D:/C++/cpp3D/vcpkg_installed/x64-windows/vcpkg/pkgs/glm_x64-windows/include/glm/gtc/type_ptr.hpp
-- Installing: D:/C++/cpp3D/vcpkg_installed/x64-windows/vcpkg/pkgs/glm_x64-windows/include/glm/gtc/type_ptr.inl
-- Installing: D:/C++/cpp3D/vcpkg_installed/x64-windows/vcpkg/pkgs/glm_x64-windows/include/glm/gtc/ulp.hpp
-- Installing: D:/C++/cpp3D/vcpkg_installed/x64-windows/vcpkg/pkgs/glm_x64-windows/include/glm/gtc/ulp.inl
-- Installing: D:/C++/cpp3D/vcpkg_installed/x64-windows/vcpkg/pkgs/glm_x64-windows/include/glm/gtc/vec1.hpp
-- Installing: D:/C++/cpp3D/vcpkg_installed/x64-windows/vcpkg/pkgs/glm_x64-windows/include/glm/gtx
-- Installing: D:/C++/cpp3D/vcpkg_installed/x64-windows/vcpkg/pkgs/glm_x64-windows/include/glm/gtx/associated_min_max.hpp
-- Installing: D:/C++/cpp3D/vcpkg_installed/x64-windows/vcpkg/pkgs/glm_x64-windows/include/glm/gtx/associated_min_max.inl
-- Installing: D:/C++/cpp3D/vcpkg_installed/x64-windows/vcpkg/pkgs/glm_x64-windows/include/glm/gtx/bit.hpp
-- Installing: D:/C++/cpp3D/vcpkg_installed/x64-windows/vcpkg/pkgs/glm_x64-windows/include/glm/gtx/bit.inl
-- Installing: D:/C++/cpp3D/vcpkg_installed/x64-windows/vcpkg/pkgs/glm_x64-windows/include/glm/gtx/closest_point.hpp
-- Installing: D:/C++/cpp3D/vcpkg_installed/x64-windows/vcpkg/pkgs/glm_x64-windows/include/glm/gtx/closest_point.inl
-- Installing: D:/C++/cpp3D/vcpkg_installed/x64-windows/vcpkg/pkgs/glm_x64-windows/include/glm/gtx/color_encoding.hpp
-- Installing: D:/C++/cpp3D/vcpkg_installed/x64-windows/vcpkg/pkgs/glm_x64-windows/include/glm/gtx/color_encoding.inl
-- Installing: D:/C++/cpp3D/vcpkg_installed/x64-windows/vcpkg/pkgs/glm_x64-windows/include/glm/gtx/color_space.hpp
-- Installing: D:/C++/cpp3D/vcpkg_installed/x64-windows/vcpkg/pkgs/glm_x64-windows/include/glm/gtx/color_space.inl
-- Installing: D:/C++/cpp3D/vcpkg_installed/x64-windows/vcpkg/pkgs/glm_x64-windows/include/glm/gtx/color_space_YCoCg.hpp
-- Installing: D:/C++/cpp3D/vcpkg_installed/x64-windows/vcpkg/pkgs/glm_x64-windows/include/glm/gtx/color_space_YCoCg.inl
-- Installing: D:/C++/cpp3D/vcpkg_installed/x64-windows/vcpkg/pkgs/glm_x64-windows/include/glm/gtx/common.hpp
-- Installing: D:/C++/cpp3D/vcpkg_installed/x64-windows/vcpkg/pkgs/glm_x64-windows/include/glm/gtx/common.inl
-- Installing: D:/C++/cpp3D/vcpkg_installed/x64-windows/vcpkg/pkgs/glm_x64-windows/include/glm/gtx/compatibility.hpp
-- Installing: D:/C++/cpp3D/vcpkg_installed/x64-windows/vcpkg/pkgs/glm_x64-windows/include/glm/gtx/compatibility.inl
-- Installing: D:/C++/cpp3D/vcpkg_installed/x64-windows/vcpkg/pkgs/glm_x64-windows/include/glm/gtx/component_wise.hpp
-- Installing: D:/C++/cpp3D/vcpkg_installed/x64-windows/vcpkg/pkgs/glm_x64-windows/include/glm/gtx/component_wise.inl
-- Installing: D:/C++/cpp3D/vcpkg_installed/x64-windows/vcpkg/pkgs/glm_x64-windows/include/glm/gtx/dual_quaternion.hpp
-- Installing: D:/C++/cpp3D/vcpkg_installed/x64-windows/vcpkg/pkgs/glm_x64-windows/include/glm/gtx/dual_quaternion.inl
-- Installing: D:/C++/cpp3D/vcpkg_installed/x64-windows/vcpkg/pkgs/glm_x64-windows/include/glm/gtx/easing.hpp
-- Installing: D:/C++/cpp3D/vcpkg_installed/x64-windows/vcpkg/pkgs/glm_x64-windows/include/glm/gtx/easing.inl
-- Installing: D:/C++/cpp3D/vcpkg_installed/x64-windows/vcpkg/pkgs/glm_x64-windows/include/glm/gtx/euler_angles.hpp
-- Installing: D:/C++/cpp3D/vcpkg_installed/x64-windows/vcpkg/pkgs/glm_x64-windows/include/glm/gtx/euler_angles.inl
-- Installing: D:/C++/cpp3D/vcpkg_installed/x64-windows/vcpkg/pkgs/glm_x64-windows/include/glm/gtx/extend.hpp
-- Installing: D:/C++/cpp3D/vcpkg_installed/x64-windows/vcpkg/pkgs/glm_x64-windows/include/glm/gtx/extend.inl
-- Installing: D:/C++/cpp3D/vcpkg_installed/x64-windows/vcpkg/pkgs/glm_x64-windows/include/glm/gtx/extended_min_max.hpp
-- Installing: D:/C++/cpp3D/vcpkg_installed/x64-windows/vcpkg/pkgs/glm_x64-windows/include/glm/gtx/extended_min_max.inl
-- Installing: D:/C++/cpp3D/vcpkg_installed/x64-windows/vcpkg/pkgs/glm_x64-windows/include/glm/gtx/exterior_product.hpp
-- Installing: D:/C++/cpp3D/vcpkg_installed/x64-windows/vcpkg/pkgs/glm_x64-windows/include/glm/gtx/exterior_product.inl
-- Installing: D:/C++/cpp3D/vcpkg_installed/x64-windows/vcpkg/pkgs/glm_x64-windows/include/glm/gtx/fast_exponential.hpp
-- Installing: D:/C++/cpp3D/vcpkg_installed/x64-windows/vcpkg/pkgs/glm_x64-windows/include/glm/gtx/fast_exponential.inl
-- Installing: D:/C++/cpp3D/vcpkg_installed/x64-windows/vcpkg/pkgs/glm_x64-windows/include/glm/gtx/fast_square_root.hpp
-- Installing: D:/C++/cpp3D/vcpkg_installed/x64-windows/vcpkg/pkgs/glm_x64-windows/include/glm/gtx/fast_square_root.inl
-- Installing: D:/C++/cpp3D/vcpkg_installed/x64-windows/vcpkg/pkgs/glm_x64-windows/include/glm/gtx/fast_trigonometry.hpp
-- Installing: D:/C++/cpp3D/vcpkg_installed/x64-windows/vcpkg/pkgs/glm_x64-windows/include/glm/gtx/fast_trigonometry.inl
-- Installing: D:/C++/cpp3D/vcpkg_installed/x64-windows/vcpkg/pkgs/glm_x64-windows/include/glm/gtx/float_notmalize.inl
-- Installing: D:/C++/cpp3D/vcpkg_installed/x64-windows/vcpkg/pkgs/glm_x64-windows/include/glm/gtx/functions.hpp
-- Installing: D:/C++/cpp3D/vcpkg_installed/x64-windows/vcpkg/pkgs/glm_x64-windows/include/glm/gtx/functions.inl
-- Installing: D:/C++/cpp3D/vcpkg_installed/x64-windows/vcpkg/pkgs/glm_x64-windows/include/glm/gtx/gradient_paint.hpp
-- Installing: D:/C++/cpp3D/vcpkg_installed/x64-windows/vcpkg/pkgs/glm_x64-windows/include/glm/gtx/gradient_paint.inl
-- Installing: D:/C++/cpp3D/vcpkg_installed/x64-windows/vcpkg/pkgs/glm_x64-windows/include/glm/gtx/handed_coordinate_space.hpp
-- Installing: D:/C++/cpp3D/vcpkg_installed/x64-windows/vcpkg/pkgs/glm_x64-windows/include/glm/gtx/handed_coordinate_space.inl
-- Installing: D:/C++/cpp3D/vcpkg_installed/x64-windows/vcpkg/pkgs/glm_x64-windows/include/glm/gtx/hash.hpp
-- Installing: D:/C++/cpp3D/vcpkg_installed/x64-windows/vcpkg/pkgs/glm_x64-windows/include/glm/gtx/hash.inl
-- Installing: D:/C++/cpp3D/vcpkg_installed/x64-windows/vcpkg/pkgs/glm_x64-windows/include/glm/gtx/integer.hpp
-- Installing: D:/C++/cpp3D/vcpkg_installed/x64-windows/vcpkg/pkgs/glm_x64-windows/include/glm/gtx/integer.inl
-- Installing: D:/C++/cpp3D/vcpkg_installed/x64-windows/vcpkg/pkgs/glm_x64-windows/include/glm/gtx/intersect.hpp
-- Installing: D:/C++/cpp3D/vcpkg_installed/x64-windows/vcpkg/pkgs/glm_x64-windows/include/glm/gtx/intersect.inl
-- Installing: D:/C++/cpp3D/vcpkg_installed/x64-windows/vcpkg/pkgs/glm_x64-windows/include/glm/gtx/io.hpp
-- Installing: D:/C++/cpp3D/vcpkg_installed/x64-windows/vcpkg/pkgs/glm_x64-windows/include/glm/gtx/io.inl
-- Installing: D:/C++/cpp3D/vcpkg_installed/x64-windows/vcpkg/pkgs/glm_x64-windows/include/glm/gtx/log_base.hpp
-- Installing: D:/C++/cpp3D/vcpkg_installed/x64-windows/vcpkg/pkgs/glm_x64-windows/include/glm/gtx/log_base.inl
-- Installing: D:/C++/cpp3D/vcpkg_installed/x64-windows/vcpkg/pkgs/glm_x64-windows/include/glm/gtx/matrix_cross_product.hpp
-- Installing: D:/C++/cpp3D/vcpkg_installed/x64-windows/vcpkg/pkgs/glm_x64-windows/include/glm/gtx/matrix_cross_product.inl
-- Installing: D:/C++/cpp3D/vcpkg_installed/x64-windows/vcpkg/pkgs/glm_x64-windows/include/glm/gtx/matrix_decompose.hpp
-- Installing: D:/C++/cpp3D/vcpkg_installed/x64-windows/vcpkg/pkgs/glm_x64-windows/include/glm/gtx/matrix_decompose.inl
-- Installing: D:/C++/cpp3D/vcpkg_installed/x64-windows/vcpkg/pkgs/glm_x64-windows/include/glm/gtx/matrix_factorisation.hpp
-- Installing: D:/C++/cpp3D/vcpkg_installed/x64-windows/vcpkg/pkgs/glm_x64-windows/include/glm/gtx/matrix_factorisation.inl
-- Installing: D:/C++/cpp3D/vcpkg_installed/x64-windows/vcpkg/pkgs/glm_x64-windows/include/glm/gtx/matrix_interpolation.hpp
-- Installing: D:/C++/cpp3D/vcpkg_installed/x64-windows/vcpkg/pkgs/glm_x64-windows/include/glm/gtx/matrix_interpolation.inl
-- Installing: D:/C++/cpp3D/vcpkg_installed/x64-windows/vcpkg/pkgs/glm_x64-windows/include/glm/gtx/matrix_major_storage.hpp
-- Installing: D:/C++/cpp3D/vcpkg_installed/x64-windows/vcpkg/pkgs/glm_x64-windows/include/glm/gtx/matrix_major_storage.inl
-- Installing: D:/C++/cpp3D/vcpkg_installed/x64-windows/vcpkg/pkgs/glm_x64-windows/include/glm/gtx/matrix_operation.hpp
-- Installing: D:/C++/cpp3D/vcpkg_installed/x64-windows/vcpkg/pkgs/glm_x64-windows/include/glm/gtx/matrix_operation.inl
-- Installing: D:/C++/cpp3D/vcpkg_installed/x64-windows/vcpkg/pkgs/glm_x64-windows/include/glm/gtx/matrix_query.hpp
-- Installing: D:/C++/cpp3D/vcpkg_installed/x64-windows/vcpkg/pkgs/glm_x64-windows/include/glm/gtx/matrix_query.inl
-- Installing: D:/C++/cpp3D/vcpkg_installed/x64-windows/vcpkg/pkgs/glm_x64-windows/include/glm/gtx/matrix_transform_2d.hpp
-- Installing: D:/C++/cpp3D/vcpkg_installed/x64-windows/vcpkg/pkgs/glm_x64-windows/include/glm/gtx/matrix_transform_2d.inl
-- Installing: D:/C++/cpp3D/vcpkg_installed/x64-windows/vcpkg/pkgs/glm_x64-windows/include/glm/gtx/mixed_product.hpp
-- Installing: D:/C++/cpp3D/vcpkg_installed/x64-windows/vcpkg/pkgs/glm_x64-windows/include/glm/gtx/mixed_product.inl
-- Installing: D:/C++/cpp3D/vcpkg_installed/x64-windows/vcpkg/pkgs/glm_x64-windows/include/glm/gtx/norm.hpp
-- Installing: D:/C++/cpp3D/vcpkg_installed/x64-windows/vcpkg/pkgs/glm_x64-windows/include/glm/gtx/norm.inl
-- Installing: D:/C++/cpp3D/vcpkg_installed/x64-windows/vcpkg/pkgs/glm_x64-windows/include/glm/gtx/normal.hpp
-- Installing: D:/C++/cpp3D/vcpkg_installed/x64-windows/vcpkg/pkgs/glm_x64-windows/include/glm/gtx/normal.inl
-- Installing: D:/C++/cpp3D/vcpkg_installed/x64-windows/vcpkg/pkgs/glm_x64-windows/include/glm/gtx/normalize_dot.hpp
-- Installing: D:/C++/cpp3D/vcpkg_installed/x64-windows/vcpkg/pkgs/glm_x64-windows/include/glm/gtx/normalize_dot.inl
-- Installing: D:/C++/cpp3D/vcpkg_installed/x64-windows/vcpkg/pkgs/glm_x64-windows/include/glm/gtx/number_precision.hpp
-- Installing: D:/C++/cpp3D/vcpkg_installed/x64-windows/vcpkg/pkgs/glm_x64-windows/include/glm/gtx/optimum_pow.hpp
-- Installing: D:/C++/cpp3D/vcpkg_installed/x64-windows/vcpkg/pkgs/glm_x64-windows/include/glm/gtx/optimum_pow.inl
-- Installing: D:/C++/cpp3D/vcpkg_installed/x64-windows/vcpkg/pkgs/glm_x64-windows/include/glm/gtx/orthonormalize.hpp
-- Installing: D:/C++/cpp3D/vcpkg_installed/x64-windows/vcpkg/pkgs/glm_x64-windows/include/glm/gtx/orthonormalize.inl
-- Installing: D:/C++/cpp3D/vcpkg_installed/x64-windows/vcpkg/pkgs/glm_x64-windows/include/glm/gtx/pca.hpp
-- Installing: D:/C++/cpp3D/vcpkg_installed/x64-windows/vcpkg/pkgs/glm_x64-windows/include/glm/gtx/pca.inl
-- Installing: D:/C++/cpp3D/vcpkg_installed/x64-windows/vcpkg/pkgs/glm_x64-windows/include/glm/gtx/perpendicular.hpp
-- Installing: D:/C++/cpp3D/vcpkg_installed/x64-windows/vcpkg/pkgs/glm_x64-windows/include/glm/gtx/perpendicular.inl
-- Installing: D:/C++/cpp3D/vcpkg_installed/x64-windows/vcpkg/pkgs/glm_x64-windows/include/glm/gtx/polar_coordinates.hpp
-- Installing: D:/C++/cpp3D/vcpkg_installed/x64-windows/vcpkg/pkgs/glm_x64-windows/include/glm/gtx/polar_coordinates.inl
-- Installing: D:/C++/cpp3D/vcpkg_installed/x64-windows/vcpkg/pkgs/glm_x64-windows/include/glm/gtx/projection.hpp
-- Installing: D:/C++/cpp3D/vcpkg_installed/x64-windows/vcpkg/pkgs/glm_x64-windows/include/glm/gtx/projection.inl
-- Installing: D:/C++/cpp3D/vcpkg_installed/x64-windows/vcpkg/pkgs/glm_x64-windows/include/glm/gtx/quaternion.hpp
-- Installing: D:/C++/cpp3D/vcpkg_installed/x64-windows/vcpkg/pkgs/glm_x64-windows/include/glm/gtx/quaternion.inl
-- Installing: D:/C++/cpp3D/vcpkg_installed/x64-windows/vcpkg/pkgs/glm_x64-windows/include/glm/gtx/range.hpp
-- Installing: D:/C++/cpp3D/vcpkg_installed/x64-windows/vcpkg/pkgs/glm_x64-windows/include/glm/gtx/raw_data.hpp
-- Installing: D:/C++/cpp3D/vcpkg_installed/x64-windows/vcpkg/pkgs/glm_x64-windows/include/glm/gtx/raw_data.inl
-- Installing: D:/C++/cpp3D/vcpkg_installed/x64-windows/vcpkg/pkgs/glm_x64-windows/include/glm/gtx/rotate_normalized_axis.hpp
-- Installing: D:/C++/cpp3D/vcpkg_installed/x64-windows/vcpkg/pkgs/glm_x64-windows/include/glm/gtx/rotate_normalized_axis.inl
-- Installing: D:/C++/cpp3D/vcpkg_installed/x64-windows/vcpkg/pkgs/glm_x64-windows/include/glm/gtx/rotate_vector.hpp
-- Installing: D:/C++/cpp3D/vcpkg_installed/x64-windows/vcpkg/pkgs/glm_x64-windows/include/glm/gtx/rotate_vector.inl
-- Installing: D:/C++/cpp3D/vcpkg_installed/x64-windows/vcpkg/pkgs/glm_x64-windows/include/glm/gtx/scalar_multiplication.hpp
-- Installing: D:/C++/cpp3D/vcpkg_installed/x64-windows/vcpkg/pkgs/glm_x64-windows/include/glm/gtx/scalar_relational.hpp
-- Installing: D:/C++/cpp3D/vcpkg_installed/x64-windows/vcpkg/pkgs/glm_x64-windows/include/glm/gtx/scalar_relational.inl
-- Installing: D:/C++/cpp3D/vcpkg_installed/x64-windows/vcpkg/pkgs/glm_x64-windows/include/glm/gtx/spline.hpp
-- Installing: D:/C++/cpp3D/vcpkg_installed/x64-windows/vcpkg/pkgs/glm_x64-windows/include/glm/gtx/spline.inl
-- Installing: D:/C++/cpp3D/vcpkg_installed/x64-windows/vcpkg/pkgs/glm_x64-windows/include/glm/gtx/std_based_type.hpp
-- Installing: D:/C++/cpp3D/vcpkg_installed/x64-windows/vcpkg/pkgs/glm_x64-windows/include/glm/gtx/std_based_type.inl
-- Installing: D:/C++/cpp3D/vcpkg_installed/x64-windows/vcpkg/pkgs/glm_x64-windows/include/glm/gtx/string_cast.hpp
-- Installing: D:/C++/cpp3D/vcpkg_installed/x64-windows/vcpkg/pkgs/glm_x64-windows/include/glm/gtx/string_cast.inl
-- Installing: D:/C++/cpp3D/vcpkg_installed/x64-windows/vcpkg/pkgs/glm_x64-windows/include/glm/gtx/texture.hpp
-- Installing: D:/C++/cpp3D/vcpkg_installed/x64-windows/vcpkg/pkgs/glm_x64-windows/include/glm/gtx/texture.inl
-- Installing: D:/C++/cpp3D/vcpkg_installed/x64-windows/vcpkg/pkgs/glm_x64-windows/include/glm/gtx/transform.hpp
-- Installing: D:/C++/cpp3D/vcpkg_installed/x64-windows/vcpkg/pkgs/glm_x64-windows/include/glm/gtx/transform.inl
-- Installing: D:/C++/cpp3D/vcpkg_installed/x64-windows/vcpkg/pkgs/glm_x64-windows/include/glm/gtx/transform2.hpp
-- Installing: D:/C++/cpp3D/vcpkg_installed/x64-windows/vcpkg/pkgs/glm_x64-windows/include/glm/gtx/transform2.inl
-- Installing: D:/C++/cpp3D/vcpkg_installed/x64-windows/vcpkg/pkgs/glm_x64-windows/include/glm/gtx/type_aligned.hpp
-- Installing: D:/C++/cpp3D/vcpkg_installed/x64-windows/vcpkg/pkgs/glm_x64-windows/include/glm/gtx/type_aligned.inl
-- Installing: D:/C++/cpp3D/vcpkg_installed/x64-windows/vcpkg/pkgs/glm_x64-windows/include/glm/gtx/type_trait.hpp
-- Installing: D:/C++/cpp3D/vcpkg_installed/x64-windows/vcpkg/pkgs/glm_x64-windows/include/glm/gtx/type_trait.inl
-- Installing: D:/C++/cpp3D/vcpkg_installed/x64-windows/vcpkg/pkgs/glm_x64-windows/include/glm/gtx/vector_angle.hpp
-- Installing: D:/C++/cpp3D/vcpkg_installed/x64-windows/vcpkg/pkgs/glm_x64-windows/include/glm/gtx/vector_angle.inl
-- Installing: D:/C++/cpp3D/vcpkg_installed/x64-windows/vcpkg/pkgs/glm_x64-windows/include/glm/gtx/vector_query.hpp
-- Installing: D:/C++/cpp3D/vcpkg_installed/x64-windows/vcpkg/pkgs/glm_x64-windows/include/glm/gtx/vector_query.inl
-- Installing: D:/C++/cpp3D/vcpkg_installed/x64-windows/vcpkg/pkgs/glm_x64-windows/include/glm/gtx/vec_swizzle.hpp
-- Installing: D:/C++/cpp3D/vcpkg_installed/x64-windows/vcpkg/pkgs/glm_x64-windows/include/glm/gtx/wrap.hpp
-- Installing: D:/C++/cpp3D/vcpkg_installed/x64-windows/vcpkg/pkgs/glm_x64-windows/include/glm/gtx/wrap.inl
-- Installing: D:/C++/cpp3D/vcpkg_installed/x64-windows/vcpkg/pkgs/glm_x64-windows/include/glm/integer.hpp
-- Installing: D:/C++/cpp3D/vcpkg_installed/x64-windows/vcpkg/pkgs/glm_x64-windows/include/glm/mat2x2.hpp
-- Installing: D:/C++/cpp3D/vcpkg_installed/x64-windows/vcpkg/pkgs/glm_x64-windows/include/glm/mat2x3.hpp
-- Installing: D:/C++/cpp3D/vcpkg_installed/x64-windows/vcpkg/pkgs/glm_x64-windows/include/glm/mat2x4.hpp
-- Installing: D:/C++/cpp3D/vcpkg_installed/x64-windows/vcpkg/pkgs/glm_x64-windows/include/glm/mat3x2.hpp
-- Installing: D:/C++/cpp3D/vcpkg_installed/x64-windows/vcpkg/pkgs/glm_x64-windows/include/glm/mat3x3.hpp
-- Installing: D:/C++/cpp3D/vcpkg_installed/x64-windows/vcpkg/pkgs/glm_x64-windows/include/glm/mat3x4.hpp
-- Installing: D:/C++/cpp3D/vcpkg_installed/x64-windows/vcpkg/pkgs/glm_x64-windows/include/glm/mat4x2.hpp
-- Installing: D:/C++/cpp3D/vcpkg_installed/x64-windows/vcpkg/pkgs/glm_x64-windows/include/glm/mat4x3.hpp
-- Installing: D:/C++/cpp3D/vcpkg_installed/x64-windows/vcpkg/pkgs/glm_x64-windows/include/glm/mat4x4.hpp
-- Installing: D:/C++/cpp3D/vcpkg_installed/x64-windows/vcpkg/pkgs/glm_x64-windows/include/glm/matrix.hpp
-- Installing: D:/C++/cpp3D/vcpkg_installed/x64-windows/vcpkg/pkgs/glm_x64-windows/include/glm/packing.hpp
-- Installing: D:/C++/cpp3D/vcpkg_installed/x64-windows/vcpkg/pkgs/glm_x64-windows/include/glm/simd
-- Installing: D:/C++/cpp3D/vcpkg_installed/x64-windows/vcpkg/pkgs/glm_x64-windows/include/glm/simd/common.h
-- Installing: D:/C++/cpp3D/vcpkg_installed/x64-windows/vcpkg/pkgs/glm_x64-windows/include/glm/simd/exponential.h
-- Installing: D:/C++/cpp3D/vcpkg_installed/x64-windows/vcpkg/pkgs/glm_x64-windows/include/glm/simd/geometric.h
-- Installing: D:/C++/cpp3D/vcpkg_installed/x64-windows/vcpkg/pkgs/glm_x64-windows/include/glm/simd/integer.h
-- Installing: D:/C++/cpp3D/vcpkg_installed/x64-windows/vcpkg/pkgs/glm_x64-windows/include/glm/simd/matrix.h
-- Installing: D:/C++/cpp3D/vcpkg_installed/x64-windows/vcpkg/pkgs/glm_x64-windows/include/glm/simd/neon.h
-- Installing: D:/C++/cpp3D/vcpkg_installed/x64-windows/vcpkg/pkgs/glm_x64-windows/include/glm/simd/packing.h
-- Installing: D:/C++/cpp3D/vcpkg_installed/x64-windows/vcpkg/pkgs/glm_x64-windows/include/glm/simd/platform.h
-- Installing: D:/C++/cpp3D/vcpkg_installed/x64-windows/vcpkg/pkgs/glm_x64-windows/include/glm/simd/trigonometric.h
-- Installing: D:/C++/cpp3D/vcpkg_installed/x64-windows/vcpkg/pkgs/glm_x64-windows/include/glm/simd/vector_relational.h
-- Installing: D:/C++/cpp3D/vcpkg_installed/x64-windows/vcpkg/pkgs/glm_x64-windows/include/glm/trigonometric.hpp
-- Installing: D:/C++/cpp3D/vcpkg_installed/x64-windows/vcpkg/pkgs/glm_x64-windows/include/glm/vec2.hpp
-- Installing: D:/C++/cpp3D/vcpkg_installed/x64-windows/vcpkg/pkgs/glm_x64-windows/include/glm/vec3.hpp
-- Installing: D:/C++/cpp3D/vcpkg_installed/x64-windows/vcpkg/pkgs/glm_x64-windows/include/glm/vec4.hpp
-- Installing: D:/C++/cpp3D/vcpkg_installed/x64-windows/vcpkg/pkgs/glm_x64-windows/include/glm/vector_relational.hpp
-- Installing: D:/C++/cpp3D/vcpkg_installed/x64-windows/vcpkg/pkgs/glm_x64-windows/share/glm/glmConfig.cmake
-- Installing: D:/C++/cpp3D/vcpkg_installed/x64-windows/vcpkg/pkgs/glm_x64-windows/share/glm/glmConfig-release.cmake
-- Installing: D:/C++/cpp3D/vcpkg_installed/x64-windows/vcpkg/pkgs/glm_x64-windows/share/glm/glmConfigVersion.cmake

